
> client@0.0.0 test
> jest

npm : PASS src/components/ui/Bu
tton.link.test.tsx
At line:1 char:1
+ npm run test --prefix client 
> test-output.txt 2>&1
+ ~~~~~~~~~~~~~~~~~~~~~~~~~~~~~
~~~~~~~~~~~~~~~~~~~~~~
    + CategoryInfo          :  
   NotSpecified: (PASS src/co  
  mpon...n.link.test.tsx:Str   
 ing) [], RemoteException
    + FullyQualifiedErrorId :  
   NativeCommandError
 
PASS src/components/admin/UserF
orm.test.tsx (5.559 s)
  ΓùÅ Console

    console.error
      { response: { data: { 
message: 'Network Error' } } }

    [0m [90m 60 |[39m     } 
[36mcatch[39m 
(err[33m:[39m any) {
     [90m 61 |[39m       setE
rror(err[33m.[39mresponse[33
m?[39m[33m.[39mdata[33m?[3
9m[33m.[39mmessage 
[33m||[39m [32m'An error 
occurred.'[39m)[33m;[39m
    [31m[1m>[22m[39m[90m 
62 |[39m       console[33m.[
39merror(err)[33m;[39m
     [90m    |[39m           
    [31m[1m^[22m[39m
     [90m 63 |[39m     } 
[36mfinally[39m {
     [90m 64 |[39m       setL
oading([36mfalse[39m)[33m;[
39m
     [90m 65 |[39m     }[0m

      at error (src/components/
admin/UserForm.tsx:62:15)

PASS src/components/admin/Admin
Layout.test.tsx (5.795 s)
PASS src/pages/admin/CouponForm
Page.test.tsx (6.258 s)
PASS src/components/form/Contac
tForm.test.tsx
PASS src/pages/ForgotPasswordPa
ge.test.tsx (7.171 s)
PASS src/components/ui/SectionS
keleton.test.tsx
PASS src/components/PaymentProc
essor.test.tsx
  ΓùÅ Console

    console.error
      An update to Y inside a 
test was not wrapped in 
act(...).
      
      When testing, code that 
causes React state updates 
should be wrapped into 
act(...):
      
      act(() => {
        /* fire events that 
update state */
      });
      /* assert on the output 
*/
      
      This ensures that you're 
testing the behavior the user 
would see in the browser. 
Learn more at https://react.dev
/link/wrap-tests-with-act

    [0m [90m 78 |[39m       
        [33m?[39m 
[33mString[39m((err 
[36mas[39m { 
message[33m?[39m[33m:[39m 
unknown })[33m.[39mmessage)
     [90m 79 |[39m           
    [33m:[39m [32m"Unknown 
error"[39m)[33m;[39m
    [31m[1m>[22m[39m[90m 
80 |[39m           toast[33m.
[39merror([32m`Payment 
failed: 
${message}`[39m)[33m;[39m
     [90m    |[39m           
      [31m[1m^[22m[39m
     [90m 81 |[39m         }}
     [90m 82 |[39m         
style[33m=[39m{{ 
layout[33m:[39m 
[32m"vertical"[39m }}
     [90m 83 |[39m       
[33m/[39m[33m>[39m[0m

      at error (node_modules/re
act-dom/cjs/react-dom-client.de
velopment.js:16023:19)
      at callback (node_modules
/react-dom/cjs/react-dom-client
.development.js:1522:13)
      at runWithFiberInDEV (nod
e_modules/react-dom/cjs/react-d
om-client.development.js:16022:
9)
      at warnIfUpdatesNotWrappe
dWithActDEV (node_modules/react
-dom/cjs/react-dom-client.devel
opment.js:14396:11)
      at scheduleUpdateOnFiber 
(node_modules/react-dom/cjs/rea
ct-dom-client.development.js:69
69:13)
      at 
dispatchSetStateInternal (node_
modules/react-dom/cjs/react-dom
-client.development.js:6927:7)
      at t (node_modules/react-
hot-toast/src/core/store.ts:130
:5)
          at Array.forEach 
(<anonymous>)
      at forEach (node_modules/
react-hot-toast/src/core/store.
ts:129:13)
      at Function.l [as error] 
(node_modules/react-hot-toast/s
rc/core/toast.ts:40:5)
      at error (src/components/
PaymentProcessor.tsx:80:17)
      at handleError (src/compo
nents/PaymentProcessor.test.tsx
:30:7)
      at listener (node_modules
/react-dom/cjs/react-dom-client
.development.js:16368:9)
      at callback (node_modules
/react-dom/cjs/react-dom-client
.development.js:1522:13)
      at runWithFiberInDEV (nod
e_modules/react-dom/cjs/react-d
om-client.development.js:16418:
19)
      at processDispatchQueue (
node_modules/react-dom/cjs/reac
t-dom-client.development.js:170
16:9)
      at fn (node_modules/react
-dom/cjs/react-dom-client.devel
opment.js:3262:40)
      at batchedUpdates$1 (node
_modules/react-dom/cjs/react-do
m-client.development.js:16572:7
)
      at dispatchEventForPlugin
EventSystem (node_modules/react
-dom/cjs/react-dom-client.devel
opment.js:20658:11)
      at dispatchEvent (node_mo
dules/react-dom/cjs/react-dom-c
lient.development.js:20626:11)
      at HTMLDivElement.callThe
UserObjectsOperation (node_modu
les/jsdom/lib/jsdom/living/gene
rated/EventListener.js:26:30)
      at 
innerInvokeEventListeners (node
_modules/jsdom/lib/jsdom/living
/events/EventTarget-impl.js:350
:25)
      at invokeEventListeners (
node_modules/jsdom/lib/jsdom/li
ving/events/EventTarget-impl.js
:286:3)
      at HTMLButtonElementImpl.
_dispatch (node_modules/jsdom/l
ib/jsdom/living/events/EventTar
get-impl.js:233:9)
      at fireAnEvent (node_modu
les/jsdom/lib/jsdom/living/help
ers/events.js:18:36)
      at 
HTMLButtonElementImpl.click (no
de_modules/jsdom/lib/jsdom/livi
ng/nodes/HTMLElement-impl.js:85
:5)
      at 
HTMLButtonElement.click (node_m
odules/jsdom/lib/jsdom/living/g
enerated/HTMLElement.js:108:34)
      at Object.<anonymous> (sr
c/components/PaymentProcessor.t
est.tsx:81:39)

PASS src/components/layout/Publ
icLayout.test.tsx
PASS src/components/admin/Admin
Navbar.test.tsx
PASS src/components/ui/Button.t
est.tsx
PASS src/components/ErrorBounda
ry.test.tsx
PASS 
src/components/ui/Card.test.tsx
PASS src/components/ui/SectionH
eading.test.tsx
PASS src/components/ProtectedRo
ute.test.tsx
PASS src/components/layout/Navb
ar.test.tsx
FAIL src/api/services.test.ts
  ΓùÅ Test suite failed to run

    TypeError: Cannot read 
properties of undefined 
(reading 'fn')

    [0m [90m 3 |[39m
     [90m 4 |[39m [90m// 
Mock the api instance used by 
services[39m
    [31m[1m>[22m[39m[90m 
5 |[39m [36mconst[39m 
getMock [33m=[39m 
vi[33m.[39mfn()[33m;[39m
     [90m   |[39m            
        [31m[1m^[22m[39m
     [90m 6 |[39m 
[36mconst[39m postMock 
[33m=[39m 
vi[33m.[39mfn()[33m;[39m
     [90m 7 |[39m vi[33m.[3
9mmock([32m'./axios'[39m[33m
,[39m () [33m=>[39m ({
     [90m 8 |[39m   
__esModule[33m:[39m 
[36mtrue[39m[33m,[39m[0m

      at Object.<anonymous> 
(src/api/services.test.ts:5:20)

FAIL src/utils/tokens.test.tsx
  ΓùÅ Test suite failed to run

    TypeError: Cannot read 
properties of undefined 
(reading 'mock')

    [0m [90m  9 |[39m
     [90m 10 |[39m [90m// 
Mock framer-motion's 
useInView[39m
    [31m[1m>[22m[39m[90m 
11 |[39m vi[33m.[39mmock([3
2m'framer-motion'[39m[33m,[3
9m () [33m=>[39m ({
     [90m    |[39m    
[31m[1m^[22m[39m
     [90m 12 |[39m   
useInView[33m:[39m vi[33m.[
39mfn()[33m.[39mmockReturnVal
ue([36mtrue[39m)[33m,[39m
     [90m 13 |[39m 
}))[33m;[39m
     [90m 14 |[39m[0m

      at Object.<anonymous> (sr
c/utils/tokens.test.tsx:11:4)

PASS src/pages/ChangePasswordPa
ge.test.tsx (10.609 s)
PASS src/pages/ResetPasswordPag
e.test.tsx (11.954 s)
-------------------------|---------|----------|---------|---------|-------------------------------
File                     | % Stmts | % Branch | % Funcs | % Lines | Uncovered Line #s             
-------------------------|---------|----------|---------|---------|-------------------------------
All files                |   75.72 |    62.25 |   72.07 |    75.3 |                               
 api                     |   36.78 |    18.18 |   21.42 |   33.33 |                               
  axios.ts               |   31.81 |    18.18 |   33.33 |    32.3 | 15-35,46,53-58,71-73,84-120   
  services.ts            |   52.38 |      100 |       0 |    37.5 | 17-18,22-23,32-33,37-38,42-43 
 components              |   84.09 |    57.14 |     100 |   83.33 |                               
  ErrorBoundary.tsx      |     100 |      100 |     100 |     100 |                               
  PaymentProcessor.tsx   |      75 |    45.45 |     100 |   74.07 | 34,39,44,50,57-62             
  ProtectedRoute.tsx     |     100 |      100 |     100 |     100 |                               
 components/admin        |    87.5 |    69.81 |   74.07 |   87.95 |                               
  AdminLayout.tsx        |     100 |     87.5 |     100 |     100 | 24                            
  AdminNavbar.tsx        |    72.5 |       48 |   58.82 |   72.22 | 43-47,75,121,155-189          
  UserForm.tsx           |     100 |       90 |     100 |     100 | 27,61                         
 components/form         |   94.44 |    95.23 |     100 |   94.11 |                               
  ContactForm.tsx        |   94.44 |    95.23 |     100 |   94.11 | 43                            
 components/layout       |     100 |        0 |     100 |     100 |                               
  Container.tsx          |     100 |        0 |     100 |     100 | 8                             
  PublicLayout.tsx       |     100 |      100 |     100 |     100 |                               
 components/ui           |     100 |    94.11 |     100 |     100 |                               
  Button.tsx             |     100 |      100 |     100 |     100 |                               
  Card.tsx               |     100 |      100 |     100 |     100 |                               
  SectionHeading.tsx     |     100 |    83.33 |     100 |     100 | 20                            
  SectionSkeleton.tsx    |     100 |      100 |     100 |     100 |                               
 contexts                |   70.83 |       45 |   63.15 |   71.66 |                               
  AuthContext.tsx        |   62.79 |        0 |   58.33 |   62.85 | 32,43,50-51,59-63,69-70,85-87 
  ThemeContext.tsx       |   82.75 |    64.28 |   71.42 |      84 | 22,30,38,49                   
 pages                   |   97.59 |     82.6 |     100 |   97.59 |                               
  ChangePasswordPage.tsx |     100 |    78.57 |     100 |     100 | 36-58,81                      
  ForgotPasswordPage.tsx |     100 |       80 |     100 |     100 | 29,53                         
  ResetPasswordPage.tsx  |      95 |    86.36 |     100 |      95 | 59-60                         
 pages/admin             |   65.71 |    61.33 |   76.92 |   65.21 |                               
  CouponFormPage.tsx     |   65.71 |    61.33 |   76.92 |   65.21 | 82-112,139-140,155,174-373    
 utils                   |   64.28 |        0 |       0 |   54.54 |                               
  tokens.ts              |   64.28 |        0 |       0 |   54.54 | 23,28,34-41                   
-------------------------|---------|----------|---------|---------|-------------------------------
Jest: "global" coverage 
threshold for statements (80%) 
not met: 75.72%
Jest: "global" coverage 
threshold for branches (70%) 
not met: 62.25%
Jest: "global" coverage 
threshold for lines (80%) not 
met: 75.3%
Jest: "global" coverage 
threshold for functions (75%) 
not met: 72.07%

Test Suites: 2 failed, 18 
passed, 20 total
Tests:       53 passed, 53 
total
Snapshots:   0 total
Time:        19.47 s
Ran all test suites.
